MO FTRSE_MXILINX_Circuito NULL Circuito.vf vlg2D/_f_t_r_s_e___m_x_i_l_i_n_x___circuito.bin 1562301594
MO reloj NULL reloj.vf vlg44/reloj.bin 1562301594
MO contador5_MUSER_Alarma NULL Alarma.vf vlg4B/contador5___m_u_s_e_r___alarma.bin 1562301594
MO contador10 NULL contador10.vf vlg3B/contador10.bin 1562301593
MO FTRSE_MXILINX_Contador6Minuto NULL Contador6Minuto.vf vlg0B/_f_t_r_s_e___m_x_i_l_i_n_x___contador6_minuto.bin 1562301593
MO Segmento3_MUSER_SieteSegmentos NULL SieteSegmentos.vf vlg76/_segmento3___m_u_s_e_r___siete_segmentos.bin 1562301593
MO FTRSE_MXILINX_reloj NULL reloj.vf vlg53/_f_t_r_s_e___m_x_i_l_i_n_x__reloj.bin 1562301594
MO conta2_MUSER_reloj NULL reloj.vf vlg25/conta2___m_u_s_e_r__reloj.bin 1562301594
MO CB4RE_MXILINX_reloj NULL reloj.vf vlg43/_c_b4_r_e___m_x_i_l_i_n_x__reloj.bin 1562301594
MO COMP16_MXILINX_Alarma NULL Alarma.vf vlg07/_c_o_m_p16___m_x_i_l_i_n_x___alarma.bin 1562301594
MO SieteSegmentos_MUSER_Circuito NULL Circuito.vf vlg7F/_siete_segmentos___m_u_s_e_r___circuito.bin 1562301594
MO FD16CE_MXILINX_reloj NULL reloj.vf vlg74/_f_d16_c_e___m_x_i_l_i_n_x__reloj.bin 1562301594
MO uHora_MUSER_reloj NULL reloj.vf vlg45/u_hora___m_u_s_e_r__reloj.bin 1562301594
MO Alarma NULL Alarma.vf vlg22/_alarma.bin 1562301594
MO segundo_MUSER_reloj NULL reloj.vf vlg13/segundo___m_u_s_e_r__reloj.bin 1562301594
MO FTRSE_MXILINX_minuto NULL minuto.vf vlg0B/_f_t_r_s_e___m_x_i_l_i_n_x__minuto.bin 1562301593
MO Segmento0 NULL Segmento0.vf vlg5E/_segmento0.bin 1562301593
MO Segmento1 NULL Segmento1.vf vlg5F/_segmento1.bin 1562301593
MO Segmento2 NULL Segmento2.vf vlg60/_segmento2.bin 1562301593
MO Segmento3 NULL Segmento3.vf vlg61/_segmento3.bin 1562301593
MO Segmento4 NULL Segmento4.vf vlg62/_segmento4.bin 1562301593
MO Circuito NULL Circuito.vf vlg5A/_circuito.bin 1562301594
MO Segmento5 NULL Segmento5.vf vlg63/_segmento5.bin 1562301593
MO Segmento6_MUSER_reloj NULL reloj.vf vlg7A/_segmento6___m_u_s_e_r__reloj.bin 1562301594
MO Segmento6 NULL Segmento6.vf vlg64/_segmento6.bin 1562301593
MO Segmento3_MUSER_reloj NULL reloj.vf vlg07/_segmento3___m_u_s_e_r__reloj.bin 1562301594
MO Segmento0_MUSER_reloj NULL reloj.vf vlg14/_segmento0___m_u_s_e_r__reloj.bin 1562301594
MO Segmento6_MUSER_Circuito NULL Circuito.vf vlg38/_segmento6___m_u_s_e_r___circuito.bin 1562301594
MO Alarma_MUSER_reloj NULL reloj.vf vlg18/_alarma___m_u_s_e_r__reloj.bin 1562301594
MO Segmento6_MUSER_SieteSegmentos NULL SieteSegmentos.vf vlg55/_segmento6___m_u_s_e_r___siete_segmentos.bin 1562301593
MO Contador6Minuto_MUSER_reloj NULL reloj.vf vlg0A/_contador6_minuto___m_u_s_e_r__reloj.bin 1562301594
MO Segmento1_MUSER_SieteSegmentos NULL SieteSegmentos.vf vlg0C/_segmento1___m_u_s_e_r___siete_segmentos.bin 1562301593
MO FTCE_MXILINX_reloj NULL reloj.vf vlg69/_f_t_c_e___m_x_i_l_i_n_x__reloj.bin 1562301594
MO CB4RE_MXILINX_contador10 NULL contador10.vf vlg06/_c_b4_r_e___m_x_i_l_i_n_x__contador10.bin 1562301593
MO Segmento4_MUSER_Circuito NULL Circuito.vf vlg1E/_segmento4___m_u_s_e_r___circuito.bin 1562301594
MO M2_1E_MXILINX_reloj NULL reloj.vf vlg2B/_m2__1_e___m_x_i_l_i_n_x__reloj.bin 1562301594
MO SieteSegmentos_MUSER_reloj NULL reloj.vf vlg0D/_siete_segmentos___m_u_s_e_r__reloj.bin 1562301594
MO CB4CE_MXILINX_reloj NULL reloj.vf vlg00/_c_b4_c_e___m_x_i_l_i_n_x__reloj.bin 1562301594
MO segundo NULL segundo.vf vlg2D/segundo.bin 1562301593
MO FTCE_MXILINX_conta10 NULL conta10.vf vlg63/_f_t_c_e___m_x_i_l_i_n_x__conta10.bin 1562301594
MO M2_1_MXILINX_reloj NULL reloj.vf vlg62/_m2__1___m_x_i_l_i_n_x__reloj.bin 1562301594
MO CB4RE_MXILINX_minuto NULL minuto.vf vlg3B/_c_b4_r_e___m_x_i_l_i_n_x__minuto.bin 1562301594
MO uHora NULL uHora.vf vlg3F/u_hora.bin 1562301593
MO FTRSE_MXILINX_Alarma NULL Alarma.vf vlg6D/_f_t_r_s_e___m_x_i_l_i_n_x___alarma.bin 1562301594
MO conta10_MUSER_reloj NULL reloj.vf vlg7C/conta10___m_u_s_e_r__reloj.bin 1562301594
MO contador5_MUSER_reloj NULL reloj.vf vlg19/contador5___m_u_s_e_r__reloj.bin 1562301594
MO contador10_MUSER_minuto NULL minuto.vf vlg71/contador10___m_u_s_e_r__minuto.bin 1562301594
MO Segmento2_MUSER_Circuito NULL Circuito.vf vlg04/_segmento2___m_u_s_e_r___circuito.bin 1562301594
MO COMP16_MXILINX_reloj NULL reloj.vf vlg25/_c_o_m_p16___m_x_i_l_i_n_x__reloj.bin 1562301594
MO Segmento4_MUSER_SieteSegmentos NULL SieteSegmentos.vf vlg6B/_segmento4___m_u_s_e_r___siete_segmentos.bin 1562301593
MO M2_1E_MXILINX_Circuito NULL Circuito.vf vlg25/_m2__1_e___m_x_i_l_i_n_x___circuito.bin 1562301594
MO FTCE_MXILINX_Alarma NULL Alarma.vf vlg5B/_f_t_c_e___m_x_i_l_i_n_x___alarma.bin 1562301594
MO conta2 NULL conta2.vf vlg1F/conta2.bin 1562301594
MO Segmento0_MUSER_Circuito NULL Circuito.vf vlg6A/_segmento0___m_u_s_e_r___circuito.bin 1562301594
MO FTRSE_MXILINX_segundo NULL segundo.vf vlg24/_f_t_r_s_e___m_x_i_l_i_n_x__segundo.bin 1562301593
MO Segmento4_MUSER_reloj NULL reloj.vf vlg58/_segmento4___m_u_s_e_r__reloj.bin 1562301594
MO Circuito_MUSER_reloj NULL reloj.vf vlg50/_circuito___m_u_s_e_r__reloj.bin 1562301594
MO D2_4E_MXILINX_reloj NULL reloj.vf vlg31/_d2__4_e___m_x_i_l_i_n_x__reloj.bin 1562301594
MO Segmento1_MUSER_reloj NULL reloj.vf vlg65/_segmento1___m_u_s_e_r__reloj.bin 1562301594
MO segundo_MUSER_minuto NULL minuto.vf vlg4B/segundo___m_u_s_e_r__minuto.bin 1562301594
MO SieteSegmentos NULL SieteSegmentos.vf vlg07/_siete_segmentos.bin 1562301593
MO CB4RE_MXILINX_segundo NULL segundo.vf vlg14/_c_b4_r_e___m_x_i_l_i_n_x__segundo.bin 1562301593
MO CB4RE_MXILINX_Alarma NULL Alarma.vf vlg1D/_c_b4_r_e___m_x_i_l_i_n_x___alarma.bin 1562301594
MO CB2CE_MXILINX_conta2 NULL conta2.vf vlg41/_c_b2_c_e___m_x_i_l_i_n_x__conta2.bin 1562301594
MO contador5 NULL contador5.vf vlg53/contador5.bin 1562301593
MO contador6 NULL contador6.vf vlg54/contador6.bin 1562301594
MO CB2RE_MXILINX_reloj NULL reloj.vf vlg41/_c_b2_r_e___m_x_i_l_i_n_x__reloj.bin 1562301594
MO CB4CE_MXILINX_contador6 NULL contador6.vf vlg50/_c_b4_c_e___m_x_i_l_i_n_x__contador6.bin 1562301594
MO contador10_MUSER_Alarma NULL Alarma.vf vlg53/contador10___m_u_s_e_r___alarma.bin 1562301594
MO conta10 NULL conta10.vf vlg46/conta10.bin 1562301594
MO FTCE_MXILINX_uHora NULL uHora.vf vlg64/_f_t_c_e___m_x_i_l_i_n_x__u_hora.bin 1562301593
MO CB4RE_MXILINX_contador5 NULL contador5.vf vlg62/_c_b4_r_e___m_x_i_l_i_n_x__contador5.bin 1562301593
MO CB16RE_MXILINX_Circuito NULL Circuito.vf vlg3C/_c_b16_r_e___m_x_i_l_i_n_x___circuito.bin 1562301594
MO FD16CE_MXILINX_Alarma NULL Alarma.vf vlg12/_f_d16_c_e___m_x_i_l_i_n_x___alarma.bin 1562301594
MO Segmento2_MUSER_SieteSegmentos NULL SieteSegmentos.vf vlg01/_segmento2___m_u_s_e_r___siete_segmentos.bin 1562301593
MO Minuto_MUSER_reloj NULL reloj.vf vlg76/_minuto___m_u_s_e_r__reloj.bin 1562301594
MO CB4CE_MXILINX_uHora NULL uHora.vf vlg7B/_c_b4_c_e___m_x_i_l_i_n_x__u_hora.bin 1562301593
MO CB2RE_MXILINX_Circuito NULL Circuito.vf vlg63/_c_b2_r_e___m_x_i_l_i_n_x___circuito.bin 1562301594
MO contador6_MUSER_reloj NULL reloj.vf vlg6A/contador6___m_u_s_e_r__reloj.bin 1562301594
MO FTRSE_MXILINX_contador5 NULL contador5.vf vlg72/_f_t_r_s_e___m_x_i_l_i_n_x__contador5.bin 1562301593
MO Segmento5_MUSER_Circuito NULL Circuito.vf vlg2B/_segmento5___m_u_s_e_r___circuito.bin 1562301594
MO segundo_MUSER_Alarma NULL Alarma.vf vlg2D/segundo___m_u_s_e_r___alarma.bin 1562301594
MO CB4RE_MXILINX_Contador6Minuto NULL Contador6Minuto.vf vlg7B/_c_b4_r_e___m_x_i_l_i_n_x___contador6_minuto.bin 1562301593
MO FTRSE_MXILINX_contador10 NULL contador10.vf vlg56/_f_t_r_s_e___m_x_i_l_i_n_x__contador10.bin 1562301593
MO contador10_MUSER_segundo NULL segundo.vf vlg22/contador10___m_u_s_e_r__segundo.bin 1562301593
MO CB4CE_MXILINX_conta10 NULL conta10.vf vlg22/_c_b4_c_e___m_x_i_l_i_n_x__conta10.bin 1562301594
MO contador5_MUSER_segundo NULL segundo.vf vlg7A/contador5___m_u_s_e_r__segundo.bin 1562301593
MO contador5_MUSER_minuto NULL minuto.vf vlg69/contador5___m_u_s_e_r__minuto.bin 1562301594
MO M4_1E_MXILINX_Circuito NULL Circuito.vf vlg07/_m4__1_e___m_x_i_l_i_n_x___circuito.bin 1562301594
MO Contador6Minuto_MUSER_minuto NULL minuto.vf vlg1E/_contador6_minuto___m_u_s_e_r__minuto.bin 1562301594
MO CB2CE_MXILINX_reloj NULL reloj.vf vlg7E/_c_b2_c_e___m_x_i_l_i_n_x__reloj.bin 1562301594
MO FTCE_MXILINX_conta2 NULL conta2.vf vlg58/_f_t_c_e___m_x_i_l_i_n_x__conta2.bin 1562301594
MO Segmento5_MUSER_SieteSegmentos NULL SieteSegmentos.vf vlg60/_segmento5___m_u_s_e_r___siete_segmentos.bin 1562301593
MO M4_1E_MXILINX_reloj NULL reloj.vf vlg35/_m4__1_e___m_x_i_l_i_n_x__reloj.bin 1562301594
MO Segmento3_MUSER_Circuito NULL Circuito.vf vlg11/_segmento3___m_u_s_e_r___circuito.bin 1562301594
MO Contador6Minuto NULL Contador6Minuto.vf vlg74/_contador6_minuto.bin 1562301593
MO Segmento5_MUSER_reloj NULL reloj.vf vlg29/_segmento5___m_u_s_e_r__reloj.bin 1562301594
MO Segmento2_MUSER_reloj NULL reloj.vf vlg36/_segmento2___m_u_s_e_r__reloj.bin 1562301594
MO Segmento0_MUSER_SieteSegmentos NULL SieteSegmentos.vf vlg17/_segmento0___m_u_s_e_r___siete_segmentos.bin 1562301593
MO contador10_MUSER_reloj NULL reloj.vf vlg01/contador10___m_u_s_e_r__reloj.bin 1562301594
MO minuto NULL minuto.vf vlg40/minuto.bin 1562301594
MO D2_4E_MXILINX_Circuito NULL Circuito.vf vlg13/_d2__4_e___m_x_i_l_i_n_x___circuito.bin 1562301594
MO Segmento1_MUSER_Circuito NULL Circuito.vf vlg77/_segmento1___m_u_s_e_r___circuito.bin 1562301594
MO CB16RE_MXILINX_reloj NULL reloj.vf vlg4E/_c_b16_r_e___m_x_i_l_i_n_x__reloj.bin 1562301594
MO FTCE_MXILINX_contador6 NULL contador6.vf vlg29/_f_t_c_e___m_x_i_l_i_n_x__contador6.bin 1562301594
